// Jest Snapshot v1, https://goo.gl/fbAQLP

exports[`Filters component page reset button with window width < 550 1`] = `
<button
  class="reset unselectable"
  data-testid="reset-all-button"
>
  <span
    class="reset__icon"
  >
    <svg
      fill="currentColor"
      height="16"
      stroke="currentColor"
      stroke-width="0"
      version="1.1"
      viewBox="0 0 17 17"
      width="16"
      xmlns="http://www.w3.org/2000/svg"
    >
      <g />
      <path
        d="M9.207 8.5l6.646 6.646-0.707 0.707-6.646-6.646-6.646 6.646-0.707-0.707 6.646-6.646-6.647-6.646 0.707-0.707 6.647 6.646 6.646-6.646 0.707 0.707-6.646 6.646z"
      />
    </svg>
  </span>
  <span
    class="reset__text"
  >
    filters:reset.page
  </span>
</button>
`;

exports[`Filters component page reset button with window width > 550 1`] = `
<button
  class="reset unselectable"
  data-testid="reset-all-button"
>
  <span
    class="reset__text"
  >
    filters:reset.page
  </span>
  <span
    class="reset__icon"
  >
    <svg
      fill="currentColor"
      height="16"
      stroke="currentColor"
      stroke-width="0"
      version="1.1"
      viewBox="0 0 17 17"
      width="16"
      xmlns="http://www.w3.org/2000/svg"
    >
      <g />
      <path
        d="M9.207 8.5l6.646 6.646-0.707 0.707-6.646-6.646-6.646 6.646-0.707-0.707 6.646-6.646-6.647-6.646 0.707-0.707 6.647 6.646 6.646-6.646 0.707 0.707-6.646 6.646z"
      />
    </svg>
  </span>
</button>
`;
