// Jest Snapshot v1, https://goo.gl/fbAQLP

exports[`Footer top should renders without errors 1`] = `undefined`;
