// Jest Snapshot v1, https://goo.gl/fbAQLP

exports[`Footer widget should renders without errors 1`] = `undefined`;
